
> proclaim-canada@0.1.0 test:integration
> jest tests/integration --runInBand

node.exe : FAIL proclaim-canada tests/integration/password-reset.test.ts
At C:\Program Files\nodejs\npm.ps1:29 char:3
+   & $NODE_EXE $NPM_CLI_JS $args
+   ~~~~~~~~~~~~~~~~~~~~~~~~~~~~~
    + CategoryInfo          : NotSpecified: (FAIL proclaim-c...d-reset.test.ts 
   :String) [], RemoteException
    + FullyQualifiedErrorId : NativeCommandError
 
  ΓùÅ Test suite failed to run

    @prisma/client did not initialize yet. Please run "prisma generate" and 
try to import it again.

    [0m [90m  5 |[39m [36mexport[39m [36mconst[39m prisma [33m=[39m
     [90m  6 |[39m   globalForPrisma[33m.[39mprisma [33m||[39m
    [31m[1m>[22m[39m[90m  7 |[39m   [36mnew[39m 
[33mPrismaClient[39m({
     [90m    |[39m   [31m[1m^[22m[39m
     [90m  8 |[39m     log[33m:[39m [[32m'query'[39m][33m,[39m
     [90m  9 |[39m   })
     [90m 10 |[39m[0m

      at new PrismaClient (node_modules/.prisma/client/default.js:43:11)
      at Object.<anonymous> (lib/db.ts:7:3)
      at Object.<anonymous> (tests/setup.ts:2:1)

FAIL proclaim-canada tests/integration/messaging.test.ts
  ΓùÅ Test suite failed to run

    @prisma/client did not initialize yet. Please run "prisma generate" and 
try to import it again.

    [0m [90m  5 |[39m [36mexport[39m [36mconst[39m prisma [33m=[39m
     [90m  6 |[39m   globalForPrisma[33m.[39mprisma [33m||[39m
    [31m[1m>[22m[39m[90m  7 |[39m   [36mnew[39m 
[33mPrismaClient[39m({
     [90m    |[39m   [31m[1m^[22m[39m
     [90m  8 |[39m     log[33m:[39m [[32m'query'[39m][33m,[39m
     [90m  9 |[39m   })
     [90m 10 |[39m[0m

      at new PrismaClient (node_modules/.prisma/client/default.js:43:11)
      at Object.<anonymous> (lib/db.ts:7:3)
      at Object.<anonymous> (tests/setup.ts:2:1)

FAIL proclaim-canada tests/integration/email.test.ts
  ΓùÅ Test suite failed to run

    @prisma/client did not initialize yet. Please run "prisma generate" and 
try to import it again.

    [0m [90m  5 |[39m [36mexport[39m [36mconst[39m prisma [33m=[39m
     [90m  6 |[39m   globalForPrisma[33m.[39mprisma [33m||[39m
    [31m[1m>[22m[39m[90m  7 |[39m   [36mnew[39m 
[33mPrismaClient[39m({
     [90m    |[39m   [31m[1m^[22m[39m
     [90m  8 |[39m     log[33m:[39m [[32m'query'[39m][33m,[39m
     [90m  9 |[39m   })
     [90m 10 |[39m[0m

      at new PrismaClient (node_modules/.prisma/client/default.js:43:11)
      at Object.<anonymous> (lib/db.ts:7:3)
      at Object.<anonymous> (tests/setup.ts:2:1)

FAIL proclaim-canada tests/integration/ratings.test.ts
  ΓùÅ Test suite failed to run

    @prisma/client did not initialize yet. Please run "prisma generate" and 
try to import it again.

    [0m [90m  5 |[39m [36mexport[39m [36mconst[39m prisma [33m=[39m
     [90m  6 |[39m   globalForPrisma[33m.[39mprisma [33m||[39m
    [31m[1m>[22m[39m[90m  7 |[39m   [36mnew[39m 
[33mPrismaClient[39m({
     [90m    |[39m   [31m[1m^[22m[39m
     [90m  8 |[39m     log[33m:[39m [[32m'query'[39m][33m,[39m
     [90m  9 |[39m   })
     [90m 10 |[39m[0m

      at new PrismaClient (node_modules/.prisma/client/default.js:43:11)
      at Object.<anonymous> (lib/db.ts:7:3)
      at Object.<anonymous> (tests/setup.ts:2:1)

FAIL proclaim-canada tests/integration/availability.test.ts
  ΓùÅ Test suite failed to run

    @prisma/client did not initialize yet. Please run "prisma generate" and 
try to import it again.

    [0m [90m  5 |[39m [36mexport[39m [36mconst[39m prisma [33m=[39m
     [90m  6 |[39m   globalForPrisma[33m.[39mprisma [33m||[39m
    [31m[1m>[22m[39m[90m  7 |[39m   [36mnew[39m 
[33mPrismaClient[39m({
     [90m    |[39m   [31m[1m^[22m[39m
     [90m  8 |[39m     log[33m:[39m [[32m'query'[39m][33m,[39m
     [90m  9 |[39m   })
     [90m 10 |[39m[0m

      at new PrismaClient (node_modules/.prisma/client/default.js:43:11)
      at Object.<anonymous> (lib/db.ts:7:3)
      at Object.<anonymous> (tests/setup.ts:2:1)

FAIL proclaim-canada tests/integration/authentication.test.ts
  ΓùÅ Test suite failed to run

    @prisma/client did not initialize yet. Please run "prisma generate" and 
try to import it again.

    [0m [90m  5 |[39m [36mexport[39m [36mconst[39m prisma [33m=[39m
     [90m  6 |[39m   globalForPrisma[33m.[39mprisma [33m||[39m
    [31m[1m>[22m[39m[90m  7 |[39m   [36mnew[39m 
[33mPrismaClient[39m({
     [90m    |[39m   [31m[1m^[22m[39m
     [90m  8 |[39m     log[33m:[39m [[32m'query'[39m][33m,[39m
     [90m  9 |[39m   })
     [90m 10 |[39m[0m

      at new PrismaClient (node_modules/.prisma/client/default.js:43:11)
      at Object.<anonymous> (lib/db.ts:7:3)
      at Object.<anonymous> (tests/setup.ts:2:1)

FAIL proclaim-canada tests/integration/applications.test.ts
  ΓùÅ Test suite failed to run

    @prisma/client did not initialize yet. Please run "prisma generate" and 
try to import it again.

    [0m [90m  5 |[39m [36mexport[39m [36mconst[39m prisma [33m=[39m
     [90m  6 |[39m   globalForPrisma[33m.[39mprisma [33m||[39m
    [31m[1m>[22m[39m[90m  7 |[39m   [36mnew[39m 
[33mPrismaClient[39m({
     [90m    |[39m   [31m[1m^[22m[39m
     [90m  8 |[39m     log[33m:[39m [[32m'query'[39m][33m,[39m
     [90m  9 |[39m   })
     [90m 10 |[39m[0m

      at new PrismaClient (node_modules/.prisma/client/default.js:43:11)
      at Object.<anonymous> (lib/db.ts:7:3)
      at Object.<anonymous> (tests/setup.ts:2:1)

FAIL proclaim-canada tests/integration/admin.test.ts
  ΓùÅ Test suite failed to run

    @prisma/client did not initialize yet. Please run "prisma generate" and 
try to import it again.

    [0m [90m  5 |[39m [36mexport[39m [36mconst[39m prisma [33m=[39m
     [90m  6 |[39m   globalForPrisma[33m.[39mprisma [33m||[39m
    [31m[1m>[22m[39m[90m  7 |[39m   [36mnew[39m 
[33mPrismaClient[39m({
     [90m    |[39m   [31m[1m^[22m[39m
     [90m  8 |[39m     log[33m:[39m [[32m'query'[39m][33m,[39m
     [90m  9 |[39m   })
     [90m 10 |[39m[0m

      at new PrismaClient (node_modules/.prisma/client/default.js:43:11)
      at Object.<anonymous> (lib/db.ts:7:3)
      at Object.<anonymous> (tests/setup.ts:2:1)

Test Suites: 8 failed, 8 total
Tests:       0 total
Snapshots:   0 total
Time:        1.032 s
Ran all test suites matching /tests\\integration/i.
